[2026-05-24T21:27:51.324051+00:00] count_analytics_records error: Error PGRST125:
Message: Invalid path specified in request URL
[2026-05-24T21:31:06.428771+00:00] count_analytics_records error: Error PGRST125:
Message: Invalid path specified in request URL
[2026-05-24T22:17:24.143440+00:00] bulk_insert_analytics failed: Error 23502:
Message: null value in column "optimal_entry_utc" of relation "crossover_analytics" violates not-null constraint
Details: Failing row contains (1, 2025-09-16 23:30:00+00, BTCUSDT, SHORT, 116703.18000000, 116852.00000000, null, 0.16, -0.13, 12, 2025-09-17 02:30:00+00, 116769.60000000, -0.06, 2026-05-24 22:17:21.925573+00).
[2026-05-24T22:17:24.347931+00:00] insert_analytics failed for BTCUSDT: Error 23502:
Message: null value in column "optimal_entry_utc" of relation "crossover_analytics" violates not-null constraint
Details: Failing row contains (2, 2025-09-16 23:30:00+00, BTCUSDT, SHORT, 116703.18000000, 116852.00000000, null, 0.16, -0.13, 12, 2025-09-17 02:30:00+00, 116769.60000000, -0.06, 2026-05-24 22:17:22.308197+00).
[2026-05-24T22:17:24.535657+00:00] insert_analytics failed for BTCUSDT: Error 23502:
Message: null value in column "optimal_entry_utc" of relation "crossover_analytics" violates not-null constraint
Details: Failing row contains (3, 2025-09-17 02:30:00+00, BTCUSDT, LONG, 116888.19000000, 116685.22000000, null, 0.16, -0.17, 2, 2025-09-17 03:00:00+00, 116686.43000000, -0.17, 2026-05-24 22:17:22.497317+00).
[2026-05-24T22:17:24.712820+00:00] insert_analytics failed for BTCUSDT: Error 23502:
Message: null value in column "optimal_entry_utc" of relation "crossover_analytics" violates not-null constraint
Details: Failing row contains (4, 2025-09-17 03:00:00+00, BTCUSDT, SHORT, 116702.66000000, 116758.83000000, null, 0.46, -0.05, 11, 2025-09-17 05:45:00+00, 116688.33000000, 0.01, 2026-05-24 22:17:22.676055+00).
[2026-05-24T22:17:24.895667+00:00] insert_analytics failed for BTCUSDT: Error 23502:
Message: null value in column "optimal_entry_utc" of relation "crossover_analytics" violates not-null constraint
Details: Failing row contains (5, 2025-09-17 05:45:00+00, BTCUSDT, LONG, 117108.30000000, 116597.60000000, null, 0.15, -0.44, 14, 2025-09-17 09:15:00+00, 116710.36000000, -0.34, 2026-05-24 22:17:22.859275+00).
[2026-05-24T22:17:25.090689+00:00] insert_analytics failed for BTCUSDT: Error 23502:
Message: null value in column "optimal_entry_utc" of relation "crossover_analytics" violates not-null constraint
Details: Failing row contains (6, 2025-09-17 09:15:00+00, BTCUSDT, SHORT, 116746.75000000, 116783.00000000, null, 1.74, -0.03, 43, 2025-09-17 20:00:00+00, 115652.02000000, 0.94, 2026-05-24 22:17:23.054662+00).
[2026-05-24T22:17:25.291360+00:00] insert_analytics failed for BTCUSDT: Error 23502:
Message: null value in column "optimal_entry_utc" of relation "crossover_analytics" violates not-null constraint
Details: Failing row contains (7, 2025-09-17 20:00:00+00, BTCUSDT, LONG, 116046.76000000, 115307.33000000, null, 1.59, -0.64, 45, 2025-09-18 07:15:00+00, 117155.52000000, 0.96, 2026-05-24 22:17:23.254035+00).
[2026-05-24T22:17:25.478520+00:00] insert_analytics failed for BTCUSDT: Error 23502:
Message: null value in column "optimal_entry_utc" of relation "crossover_analytics" violates not-null constraint
Details: Failing row contains (8, 2025-09-18 07:15:00+00, BTCUSDT, SHORT, 117081.25000000, 117196.09000000, null, 0.01, -0.10, 1, 2025-09-18 07:30:00+00, 117081.25000000, 0.00, 2026-05-24 22:17:23.438036+00).
[2026-05-24T22:17:25.669453+00:00] insert_analytics failed for BTCUSDT: Error 23502:
Message: null value in column "optimal_entry_utc" of relation "crossover_analytics" violates not-null constraint
Details: Failing row contains (9, 2025-09-18 07:30:00+00, BTCUSDT, LONG, 117196.09000000, 117081.25000000, null, 0.00, -0.10, 1, 2025-09-18 07:45:00+00, 117196.09000000, 0.00, 2026-05-24 22:17:23.625879+00).
[2026-05-24T22:17:25.853515+00:00] insert_analytics failed for BTCUSDT: Error 23502:
Message: null value in column "optimal_entry_utc" of relation "crossover_analytics" violates not-null constraint
Details: Failing row contains (10, 2025-09-18 07:45:00+00, BTCUSDT, SHORT, 117086.01000000, 117196.09000000, null, 0.02, -0.09, 1, 2025-09-18 08:00:00+00, 117086.01000000, 0.00, 2026-05-24 22:17:23.809949+00).
[2026-05-24T22:17:26.040540+00:00] insert_analytics failed for BTCUSDT: Error 23502:
Message: null value in column "optimal_entry_utc" of relation "crossover_analytics" violates not-null constraint
Details: Failing row contains (11, 2025-09-18 08:00:00+00, BTCUSDT, LONG, 117234.00000000, 117010.59000000, null, 0.15, -0.19, 10, 2025-09-18 10:30:00+00, 117120.97000000, -0.10, 2026-05-24 22:17:24.000056+00).
[2026-05-24T22:17:26.240516+00:00] insert_analytics failed for BTCUSDT: Error 23502:
Message: null value in column "optimal_entry_utc" of relation "crossover_analytics" violates not-null constraint
Details: Failing row contains (12, 2025-09-18 10:30:00+00, BTCUSDT, SHORT, 117096.00000000, 117190.48000000, null, 0.01, -0.08, 3, 2025-09-18 11:15:00+00, 117173.93000000, -0.07, 2026-05-24 22:17:24.195471+00).
[2026-05-24T22:17:26.420185+00:00] insert_analytics failed for BTCUSDT: Error 23502:
Message: null value in column "optimal_entry_utc" of relation "crossover_analytics" violates not-null constraint
Details: Failing row contains (13, 2025-09-18 11:15:00+00, BTCUSDT, LONG, 117243.39000000, 117173.93000000, null, 0.05, -0.06, 1, 2025-09-18 11:30:00+00, 117243.39000000, 0.00, 2026-05-24 22:17:24.387352+00).
[2026-05-24T22:17:26.735249+00:00] insert_analytics failed for BTCUSDT: Error 23502:
Message: null value in column "optimal_entry_utc" of relation "crossover_analytics" violates not-null constraint
Details: Failing row contains (14, 2025-09-18 11:30:00+00, BTCUSDT, SHORT, 117134.99000000, 117272.14000000, null, 0.13, -0.12, 3, 2025-09-18 12:15:00+00, 117243.75000000, -0.09, 2026-05-24 22:17:24.698407+00).
[2026-05-24T22:17:26.927496+00:00] insert_analytics failed for BTCUSDT: Error 23502:
Message: null value in column "optimal_entry_utc" of relation "crossover_analytics" violates not-null constraint
Details: Failing row contains (15, 2025-09-18 12:15:00+00, BTCUSDT, LONG, 117254.90000000, 117164.84000000, null, 0.02, -0.08, 2, 2025-09-18 12:45:00+00, 117209.45000000, -0.04, 2026-05-24 22:17:24.877857+00).
[2026-05-24T22:17:27.113325+00:00] insert_analytics failed for BTCUSDT: Error 23502:
Message: null value in column "optimal_entry_utc" of relation "crossover_analytics" violates not-null constraint
Details: Failing row contains (16, 2025-09-18 12:45:00+00, BTCUSDT, SHORT, 117124.69000000, 117210.71000000, null, 0.05, -0.07, 1, 2025-09-18 13:00:00+00, 117124.69000000, 0.00, 2026-05-24 22:17:25.077026+00).
[2026-05-24T22:17:27.308110+00:00] insert_analytics failed for BTCUSDT: Error 23502:
Message: null value in column "optimal_entry_utc" of relation "crossover_analytics" violates not-null constraint
Details: Failing row contains (17, 2025-09-18 13:00:00+00, BTCUSDT, LONG, 117386.85000000, 117004.28000000, null, 0.44, -0.33, 26, 2025-09-18 19:30:00+00, 117463.82000000, 0.07, 2026-05-24 22:17:25.273594+00).
[2026-05-24T22:17:27.490019+00:00] insert_analytics failed for BTCUSDT: Error 23502:
Message: null value in column "optimal_entry_utc" of relation "crossover_analytics" violates not-null constraint
Details: Failing row contains (18, 2025-09-18 19:30:00+00, BTCUSDT, SHORT, 117293.47000000, 117657.17000000, null, 0.58, -0.31, 23, 2025-09-19 01:15:00+00, 117269.31000000, 0.02, 2026-05-24 22:17:25.452333+00).
[2026-05-24T22:17:27.667985+00:00] insert_analytics failed for BTCUSDT: Error 23502:
Message: null value in column "optimal_entry_utc" of relation "crossover_analytics" violates not-null constraint
Details: Failing row contains (19, 2025-09-19 01:15:00+00, BTCUSDT, LONG, 117337.46000000, 117221.48000000, null, 0.04, -0.10, 1, 2025-09-19 01:30:00+00, 117337.46000000, 0.00, 2026-05-24 22:17:25.633324+00).
[2026-05-24T22:17:27.875778+00:00] insert_analytics failed for BTCUSDT: Error 23502:
Message: null value in column "optimal_entry_utc" of relation "crossover_analytics" violates not-null constraint
Details: Failing row contains (20, 2025-09-19 01:30:00+00, BTCUSDT, SHORT, 117132.16000000, 117388.16000000, null, 0.43, -0.22, 27, 2025-09-19 08:15:00+00, 116987.29000000, 0.12, 2026-05-24 22:17:25.84126+00).
[2026-05-24T22:17:28.055923+00:00] insert_analytics failed for BTCUSDT: Error 23502:
Message: null value in column "optimal_entry_utc" of relation "crossover_analytics" violates not-null constraint
Details: Failing row contains (21, 2025-09-19 08:15:00+00, BTCUSDT, LONG, 117084.28000000, 116987.29000000, null, 0.01, -0.08, 4, 2025-09-19 09:15:00+00, 116973.68000000, -0.09, 2026-05-24 22:17:26.018031+00).
[2026-05-24T22:17:28.240529+00:00] insert_analytics failed for BTCUSDT: Error 23502:
Message: null value in column "optimal_entry_utc" of relation "crossover_analytics" violates not-null constraint
Details: Failing row contains (22, 2025-09-19 09:15:00+00, BTCUSDT, SHORT, 116825.19000000, 116973.68000000, null, 1.48, -0.13, 53, 2025-09-19 22:30:00+00, 115588.04000000, 1.06, 2026-05-24 22:17:26.206962+00).
[2026-05-24T22:17:28.418338+00:00] insert_analytics failed for BTCUSDT: Error 23502:
Message: null value in column "optimal_entry_utc" of relation "crossover_analytics" violates not-null constraint
Details: Failing row contains (23, 2025-09-19 22:30:00+00, BTCUSDT, LONG, 115588.11000000, 115448.01000000, null, 0.12, -0.12, 18, 2025-09-20 03:00:00+00, 115606.39000000, 0.02, 2026-05-24 22:17:26.382999+00).
[2026-05-24T22:17:28.605798+00:00] insert_analytics failed for BTCUSDT: Error 23502:
Message: null value in column "optimal_entry_utc" of relation "crossover_analytics" violates not-null constraint
Details: Failing row contains (24, 2025-09-20 03:00:00+00, BTCUSDT, SHORT, 115491.28000000, 115606.40000000, null, 0.07, -0.10, 9, 2025-09-20 05:15:00+00, 115578.09000000, -0.08, 2026-05-24 22:17:26.569782+00).
[2026-05-24T22:17:28.796910+00:00] insert_analytics failed for BTCUSDT: Error 23502:
Message: null value in column "optimal_entry_utc" of relation "crossover_analytics" violates not-null constraint
Details: Failing row contains (25, 2025-09-20 05:15:00+00, BTCUSDT, LONG, 115606.74000000, 115578.08000000, null, 0.45, -0.02, 49, 2025-09-20 17:30:00+00, 115854.78000000, 0.21, 2026-05-24 22:17:26.758673+00).
[2026-05-24T22:17:29.010349+00:00] insert_analytics failed for BTCUSDT: Error 23502:
Message: null value in column "optimal_entry_utc" of relation "crossover_analytics" violates not-null constraint
Details: Failing row contains (26, 2025-09-20 17:30:00+00, BTCUSDT, SHORT, 115877.36000000, 115891.97000000, null, 0.16, -0.01, 16, 2025-09-20 21:30:00+00, 115870.79000000, 0.01, 2026-05-24 22:17:26.964357+00).
[2026-05-24T22:17:29.187686+00:00] insert_analytics failed for BTCUSDT: Error 23502:
Message: null value in column "optimal_entry_utc" of relation "crossover_analytics" violates not-null constraint
Details: Failing row contains (27, 2025-09-20 21:30:00+00, BTCUSDT, LONG, 115888.48000000, 115870.78000000, null, 0.05, -0.02, 2, 2025-09-20 22:00:00+00, 115786.31000000, -0.09, 2026-05-24 22:17:27.150071+00).
[2026-05-24T22:17:29.385925+00:00] insert_analytics failed for BTCUSDT: Error 23502:
Message: null value in column "optimal_entry_utc" of relation "crossover_analytics" violates not-null constraint
Details: Failing row contains (28, 2025-09-20 22:00:00+00, BTCUSDT, SHORT, 115793.15000000, 115796.54000000, null, 0.30, 0.00, 32, 2025-09-21 06:00:00+00, 115663.48000000, 0.11, 2026-05-24 22:17:27.337695+00).
[2026-05-24T22:17:29.589264+00:00] insert_analytics failed for BTCUSDT: Error 23502:
Message: null value in column "optimal_entry_utc" of relation "crossover_analytics" violates not-null constraint
Details: Failing row contains (29, 2025-09-21 06:00:00+00, BTCUSDT, LONG, 115787.38000000, 115615.00000000, null, 0.03, -0.15, 11, 2025-09-21 08:45:00+00, 115597.52000000, -0.16, 2026-05-24 22:17:27.547011+00).
[2026-05-24T22:17:29.773457+00:00] insert_analytics failed for BTCUSDT: Error 23502:
Message: null value in column "optimal_entry_utc" of relation "crossover_analytics" violates not-null constraint
Details: Failing row contains (30, 2025-09-21 08:45:00+00, BTCUSDT, SHORT, 115629.60000000, 115639.67000000, null, 0.26, -0.01, 11, 2025-09-21 11:30:00+00, 115655.45000000, -0.02, 2026-05-24 22:17:27.737471+00).
[2026-05-24T22:17:29.960683+00:00] insert_analytics failed for BTCUSDT: Error 23502:
Message: null value in column "optimal_entry_utc" of relation "crossover_analytics" violates not-null constraint
Details: Failing row contains (31, 2025-09-21 11:30:00+00, BTCUSDT, LONG, 115687.39000000, 115603.44000000, null, 0.05, -0.07, 11, 2025-09-21 14:15:00+00, 115674.49000000, -0.01, 2026-05-24 22:17:27.922377+00).
[2026-05-24T22:17:30.149262+00:00] insert_analytics failed for BTCUSDT: Error 23502:
Message: null value in column "optimal_entry_utc" of relation "crossover_analytics" violates not-null constraint
Details: Failing row contains (32, 2025-09-21 14:15:00+00, BTCUSDT, SHORT, 115572.67000000, 115686.78000000, null, 0.31, -0.10, 18, 2025-09-21 18:45:00+00, 115531.75000000, 0.04, 2026-05-24 22:17:28.10907+00).
[2026-05-24T22:17:30.332892+00:00] insert_analytics failed for BTCUSDT: Error 23502:
Message: null value in column "optimal_entry_utc" of relation "crossover_analytics" violates not-null constraint
Details: Failing row contains (33, 2025-09-21 18:45:00+00, BTCUSDT, LONG, 115530.90000000, 115513.98000000, null, 0.02, -0.01, 1, 2025-09-21 19:00:00+00, 115530.90000000, 0.00, 2026-05-24 22:17:28.297182+00).
[2026-05-24T22:17:30.515198+00:00] insert_analytics failed for BTCUSDT: Error 23502:
Message: null value in column "optimal_entry_utc" of relation "crossover_analytics" violates not-null constraint
Details: Failing row contains (34, 2025-09-21 19:00:00+00, BTCUSDT, SHORT, 115346.72000000, 115545.43000000, null, 3.07, -0.17, 73, 2025-09-22 13:15:00+00, 112949.98000000, 2.08, 2026-05-24 22:17:28.477441+00).
[2026-05-24T22:17:30.705994+00:00] insert_analytics failed for BTCUSDT: Error 23502:
Message: null value in column "optimal_entry_utc" of relation "crossover_analytics" violates not-null constraint
Details: Failing row contains (35, 2025-09-22 13:15:00+00, BTCUSDT, LONG, 112946.72000000, 112827.99000000, null, 0.02, -0.11, 1, 2025-09-22 13:30:00+00, 112946.72000000, 0.00, 2026-05-24 22:17:28.668226+00).
[2026-05-24T22:17:30.900849+00:00] insert_analytics failed for BTCUSDT: Error 23502:
Message: null value in column "optimal_entry_utc" of relation "crossover_analytics" violates not-null constraint
Details: Failing row contains (36, 2025-09-22 13:30:00+00, BTCUSDT, SHORT, 112586.50000000, 112946.72000000, null, 0.11, -0.32, 1, 2025-09-22 13:45:00+00, 112586.50000000, 0.00, 2026-05-24 22:17:28.857018+00).
[2026-05-24T22:17:31.089060+00:00] insert_analytics failed for BTCUSDT: Error 23502:
Message: null value in column "optimal_entry_utc" of relation "crossover_analytics" violates not-null constraint
Details: Failing row contains (37, 2025-09-22 13:45:00+00, BTCUSDT, LONG, 113130.63000000, 112380.00000000, null, 0.27, -0.66, 7, 2025-09-22 15:30:00+00, 112666.69000000, -0.41, 2026-05-24 22:17:29.047216+00).
[2026-05-24T22:17:31.274566+00:00] insert_analytics failed for BTCUSDT: Error 23502:
Message: null value in column "optimal_entry_utc" of relation "crossover_analytics" violates not-null constraint
Details: Failing row contains (38, 2025-09-22 15:30:00+00, BTCUSDT, SHORT, 112685.78000000, 112917.57000000, null, 0.67, -0.21, 22, 2025-09-22 21:00:00+00, 112781.88000000, -0.09, 2026-05-24 22:17:29.238695+00).
[2026-05-24T22:17:31.464859+00:00] insert_analytics failed for BTCUSDT: Error 23502:
Message: null value in column "optimal_entry_utc" of relation "crossover_analytics" violates not-null constraint
Details: Failing row contains (39, 2025-09-22 21:00:00+00, BTCUSDT, LONG, 112739.14000000, 112602.79000000, null, 0.20, -0.12, 15, 2025-09-23 00:45:00+00, 112577.44000000, -0.14, 2026-05-24 22:17:29.42755+00).
[2026-05-24T22:17:31.666877+00:00] insert_analytics failed for BTCUSDT: Error 23502:
Message: null value in column "optimal_entry_utc" of relation "crossover_analytics" violates not-null constraint
Details: Failing row contains (40, 2025-09-23 00:45:00+00, BTCUSDT, SHORT, 112395.32000000, 112601.72000000, null, 0.82, -0.18, 17, 2025-09-23 05:00:00+00, 112442.30000000, -0.04, 2026-05-24 22:17:29.616563+00).
[2026-05-24T22:17:31.852020+00:00] insert_analytics failed for BTCUSDT: Error 23502:
Message: null value in column "optimal_entry_utc" of relation "crossover_analytics" violates not-null constraint
Details: Failing row contains (41, 2025-09-23 05:00:00+00, BTCUSDT, LONG, 112633.72000000, 112413.01000000, null, 0.58, -0.20, 24, 2025-09-23 11:00:00+00, 112969.32000000, 0.30, 2026-05-24 22:17:29.817307+00).
[2026-05-24T22:17:32.040908+00:00] insert_analytics failed for BTCUSDT: Error 23502:
Message: null value in column "optimal_entry_utc" of relation "crossover_analytics" violates not-null constraint
Details: Failing row contains (42, 2025-09-23 11:00:00+00, BTCUSDT, SHORT, 112714.62000000, 112982.85000000, null, 0.03, -0.24, 2, 2025-09-23 11:30:00+00, 112847.28000000, -0.12, 2026-05-24 22:17:29.99825+00).
[2026-05-24T22:17:32.245766+00:00] insert_analytics failed for BTCUSDT: Error 23502:
Message: null value in column "optimal_entry_utc" of relation "crossover_analytics" violates not-null constraint
Details: Failing row contains (43, 2025-09-23 11:30:00+00, BTCUSDT, LONG, 113056.64000000, 112817.03000000, null, 0.02, -0.21, 8, 2025-09-23 13:30:00+00, 112910.01000000, -0.13, 2026-05-24 22:17:30.196666+00).
[2026-05-24T22:17:32.433486+00:00] insert_analytics failed for BTCUSDT: Error 23502:
Message: null value in column "optimal_entry_utc" of relation "crossover_analytics" violates not-null constraint
Details: Failing row contains (44, 2025-09-23 13:30:00+00, BTCUSDT, SHORT, 112796.00000000, 113024.31000000, null, 0.06, -0.20, 2, 2025-09-23 14:00:00+00, 112952.31000000, -0.14, 2026-05-24 22:17:30.396925+00).
[2026-05-24T22:17:32.631690+00:00] insert_analytics failed for BTCUSDT: Error 23502:
Message: null value in column "optimal_entry_utc" of relation "crossover_analytics" violates not-null constraint
Details: Failing row contains (45, 2025-09-23 14:00:00+00, BTCUSDT, LONG, 113053.67000000, 112900.00000000, null, 0.21, -0.14, 1, 2025-09-23 14:15:00+00, 113053.67000000, 0.00, 2026-05-24 22:17:30.586191+00).
[2026-05-24T22:17:32.834277+00:00] insert_analytics failed for BTCUSDT: Error 23502:
Message: null value in column "optimal_entry_utc" of relation "crossover_analytics" violates not-null constraint
Details: Failing row contains (46, 2025-09-23 14:15:00+00, BTCUSDT, SHORT, 112814.87000000, 113080.00000000, null, 1.20, -0.24, 33, 2025-09-23 22:30:00+00, 112002.16000000, 0.72, 2026-05-24 22:17:30.785386+00).
[2026-05-24T22:17:33.027268+00:00] insert_analytics failed for BTCUSDT: Error 23502:
Message: null value in column "optimal_entry_utc" of relation "crossover_analytics" violates not-null constraint
Details: Failing row contains (47, 2025-09-23 22:30:00+00, BTCUSDT, LONG, 112185.04000000, 112002.16000000, null, 0.03, -0.16, 3, 2025-09-23 23:15:00+00, 112128.32000000, -0.05, 2026-05-24 22:17:30.988309+00).
[2026-05-24T22:17:33.219145+00:00] insert_analytics failed for BTCUSDT: Error 23502:
Message: null value in column "optimal_entry_utc" of relation "crossover_analytics" violates not-null constraint
Details: Failing row contains (48, 2025-09-23 23:15:00+00, BTCUSDT, SHORT, 111897.00000000, 112190.03000000, null, 0.02, -0.26, 1, 2025-09-23 23:30:00+00, 111897.00000000, 0.00, 2026-05-24 22:17:31.177996+00).
[2026-05-24T22:17:33.408853+00:00] insert_analytics failed for BTCUSDT: Error 23502:
Message: null value in column "optimal_entry_utc" of relation "crossover_analytics" violates not-null constraint
Details: Failing row contains (49, 2025-09-23 23:30:00+00, BTCUSDT, LONG, 112078.66000000, 111896.99000000, null, 0.03, -0.16, 1, 2025-09-23 23:45:00+00, 112078.66000000, 0.00, 2026-05-24 22:17:31.368771+00).
[2026-05-24T22:17:33.608895+00:00] insert_analytics failed for BTCUSDT: Error 23502:
Message: null value in column "optimal_entry_utc" of relation "crossover_analytics" violates not-null constraint
Details: Failing row contains (50, 2025-09-23 23:45:00+00, BTCUSDT, SHORT, 111998.80000000, 112101.59000000, null, 0.16, -0.09, 2, 2025-09-24 00:15:00+00, 112031.03000000, -0.03, 2026-05-24 22:17:31.56986+00).
[2026-05-24T22:17:33.791957+00:00] insert_analytics failed for BTCUSDT: Error 23502:
Message: null value in column "optimal_entry_utc" of relation "crossover_analytics" violates not-null constraint
Details: Failing row contains (51, 2025-09-24 00:15:00+00, BTCUSDT, LONG, 112293.23000000, 112015.84000000, null, 0.18, -0.25, 12, 2025-09-24 03:15:00+00, 112194.76000000, -0.09, 2026-05-24 22:17:31.749955+00).
[2026-05-24T22:17:33.983848+00:00] insert_analytics failed for BTCUSDT: Error 23502:
Message: null value in column "optimal_entry_utc" of relation "crossover_analytics" violates not-null constraint
Details: Failing row contains (52, 2025-09-24 03:15:00+00, BTCUSDT, SHORT, 111785.25000000, 112214.81000000, null, 0.66, -0.38, 8, 2025-09-24 05:15:00+00, 112237.76000000, -0.40, 2026-05-24 22:17:31.93747+00).
[2026-05-24T22:17:34.171327+00:00] insert_analytics failed for BTCUSDT: Error 23502:
Message: null value in column "optimal_entry_utc" of relation "crossover_analytics" violates not-null constraint
Details: Failing row contains (53, 2025-09-24 05:15:00+00, BTCUSDT, LONG, 112343.62000000, 112237.77000000, null, 1.42, -0.09, 58, 2025-09-24 19:45:00+00, 113336.25000000, 0.88, 2026-05-24 22:17:32.133609+00).
[2026-05-24T22:17:34.358248+00:00] insert_analytics failed for BTCUSDT: Error 23502:
Message: null value in column "optimal_entry_utc" of relation "crossover_analytics" violates not-null constraint
Details: Failing row contains (54, 2025-09-24 19:45:00+00, BTCUSDT, SHORT, 113420.01000000, 113499.39000000, null, 0.11, -0.07, 6, 2025-09-24 21:15:00+00, 113584.01000000, -0.14, 2026-05-24 22:17:32.317932+00).
[2026-05-24T22:17:34.555853+00:00] insert_analytics failed for BTCUSDT: Error 23502:
Message: null value in column "optimal_entry_utc" of relation "crossover_analytics" violates not-null constraint
Details: Failing row contains (55, 2025-09-24 21:15:00+00, BTCUSDT, LONG, 113578.09000000, 113520.00000000, null, 0.01, -0.05, 1, 2025-09-24 21:30:00+00, 113578.09000000, 0.00, 2026-05-24 22:17:32.509712+00).
[2026-05-24T22:17:34.755943+00:00] insert_analytics failed for BTCUSDT: Error 23502:
Message: null value in column "optimal_entry_utc" of relation "crossover_analytics" violates not-null constraint
Details: Failing row contains (56, 2025-09-24 21:30:00+00, BTCUSDT, SHORT, 113345.62000000, 113647.58000000, null, 2.40, -0.27, 74, 2025-09-25 16:00:00+00, 111580.77000000, 1.56, 2026-05-24 22:17:32.715567+00).
[2026-05-24T22:17:34.957105+00:00] insert_analytics failed for BTCUSDT: Error 23502:
Message: null value in column "optimal_entry_utc" of relation "crossover_analytics" violates not-null constraint
Details: Failing row contains (57, 2025-09-25 16:00:00+00, BTCUSDT, LONG, 111527.92000000, 111468.77000000, null, 0.13, -0.05, 1, 2025-09-25 16:15:00+00, 111527.92000000, 0.00, 2026-05-24 22:17:32.915157+00).
[2026-05-24T22:17:35.150252+00:00] insert_analytics failed for BTCUSDT: Error 23502:
Message: null value in column "optimal_entry_utc" of relation "crossover_analytics" violates not-null constraint
Details: Failing row contains (58, 2025-09-25 16:15:00+00, BTCUSDT, SHORT, 111116.00000000, 111531.25000000, null, 2.24, -0.37, 37, 2025-09-26 01:30:00+00, 109560.01000000, 1.40, 2026-05-24 22:17:33.106997+00).
[2026-05-24T22:17:35.340678+00:00] insert_analytics failed for BTCUSDT: Error 23502:
Message: null value in column "optimal_entry_utc" of relation "crossover_analytics" violates not-null constraint
Details: Failing row contains (59, 2025-09-26 01:30:00+00, BTCUSDT, LONG, 109649.99000000, 109550.44000000, null, 0.14, -0.09, 12, 2025-09-26 04:30:00+00, 109409.12000000, -0.22, 2026-05-24 22:17:33.298549+00).
[2026-05-24T22:17:35.556685+00:00] insert_analytics failed for BTCUSDT: Error 23502:
Message: null value in column "optimal_entry_utc" of relation "crossover_analytics" violates not-null constraint
Details: Failing row contains (60, 2025-09-26 04:30:00+00, BTCUSDT, SHORT, 109258.50000000, 109579.99000000, null, 0.22, -0.29, 10, 2025-09-26 07:00:00+00, 109360.00000000, -0.09, 2026-05-24 22:17:33.516066+00).
[2026-05-24T22:17:35.739933+00:00] insert_analytics failed for BTCUSDT: Error 23502:
Message: null value in column "optimal_entry_utc" of relation "crossover_analytics" violates not-null constraint
Details: Failing row contains (61, 2025-09-26 07:00:00+00, BTCUSDT, LONG, 109561.05000000, 109359.99000000, null, 0.00, -0.18, 1, 2025-09-26 07:15:00+00, 109561.05000000, 0.00, 2026-05-24 22:17:33.696432+00).
[2026-05-24T22:17:35.943380+00:00] insert_analytics failed for BTCUSDT: Error 23502:
Message: null value in column "optimal_entry_utc" of relation "crossover_analytics" violates not-null constraint
Details: Failing row contains (62, 2025-09-26 07:15:00+00, BTCUSDT, SHORT, 109300.00000000, 109593.49000000, null, 0.35, -0.27, 5, 2025-09-26 08:30:00+00, 109515.77000000, -0.20, 2026-05-24 22:17:33.903656+00).
[2026-05-24T22:17:36.137052+00:00] insert_analytics failed for BTCUSDT: Error 23502:
Message: null value in column "optimal_entry_utc" of relation "crossover_analytics" violates not-null constraint
Details: Failing row contains (63, 2025-09-26 08:30:00+00, BTCUSDT, LONG, 109599.99000000, 109442.04000000, null, 0.08, -0.14, 7, 2025-09-26 10:15:00+00, 109185.09000000, -0.38, 2026-05-24 22:17:34.098913+00).
[2026-05-24T22:17:36.336041+00:00] insert_analytics failed for BTCUSDT: Error 23502:
Message: null value in column "optimal_entry_utc" of relation "crossover_analytics" violates not-null constraint
Details: Failing row contains (64, 2025-09-26 10:15:00+00, BTCUSDT, SHORT, 109092.00000000, 109185.10000000, null, 0.43, -0.09, 13, 2025-09-26 13:30:00+00, 109183.63000000, -0.08, 2026-05-24 22:17:34.288919+00).
[2026-05-24T22:17:36.535653+00:00] insert_analytics failed for BTCUSDT: Error 23502:
Message: null value in column "optimal_entry_utc" of relation "crossover_analytics" violates not-null constraint
Details: Failing row contains (65, 2025-09-26 13:30:00+00, BTCUSDT, LONG, 109600.71000000, 109000.00000000, null, 0.16, -0.55, 4, 2025-09-26 14:30:00+00, 109083.45000000, -0.47, 2026-05-24 22:17:34.486826+00).
[2026-05-24T22:17:36.835541+00:00] insert_analytics failed for BTCUSDT: Error 23502:
Message: null value in column "optimal_entry_utc" of relation "crossover_analytics" violates not-null constraint
Details: Failing row contains (66, 2025-09-26 14:30:00+00, BTCUSDT, SHORT, 108905.97000000, 109124.29000000, null, 0.13, -0.20, 7, 2025-09-26 16:15:00+00, 109278.30000000, -0.34, 2026-05-24 22:17:34.678237+00).
[2026-05-24T22:17:37.062319+00:00] insert_analytics failed for BTCUSDT: Error 23502:
Message: null value in column "optimal_entry_utc" of relation "crossover_analytics" violates not-null constraint
Details: Failing row contains (67, 2025-09-26 16:15:00+00, BTCUSDT, LONG, 109518.18000000, 109261.86000000, null, 0.71, -0.23, 13, 2025-09-26 19:30:00+00, 109274.31000000, -0.22, 2026-05-24 22:17:35.02168+00).
[2026-05-24T22:17:37.247127+00:00] insert_analytics failed for BTCUSDT: Error 23502:
Message: null value in column "optimal_entry_utc" of relation "crossover_analytics" violates not-null constraint
Details: Failing row contains (68, 2025-09-26 19:30:00+00, BTCUSDT, SHORT, 109082.17000000, 109317.71000000, null, 0.05, -0.22, 11, 2025-09-26 22:15:00+00, 109520.00000000, -0.40, 2026-05-24 22:17:35.208363+00).
[2026-05-24T22:17:37.437054+00:00] insert_analytics failed for BTCUSDT: Error 23502:
Message: null value in column "optimal_entry_utc" of relation "crossover_analytics" violates not-null constraint
Details: Failing row contains (69, 2025-09-26 22:15:00+00, BTCUSDT, LONG, 109500.11000000, 109432.07000000, null, 0.17, -0.06, 13, 2025-09-27 01:30:00+00, 109480.00000000, -0.02, 2026-05-24 22:17:35.394581+00).
[2026-05-24T22:17:37.625327+00:00] insert_analytics failed for BTCUSDT: Error 23502:
Message: null value in column "optimal_entry_utc" of relation "crossover_analytics" violates not-null constraint
Details: Failing row contains (70, 2025-09-27 01:30:00+00, BTCUSDT, SHORT, 109330.09000000, 109521.78000000, null, 0.01, -0.18, 8, 2025-09-27 03:30:00+00, 109542.05000000, -0.19, 2026-05-24 22:17:35.586856+00).
[2026-05-24T22:17:37.826755+00:00] insert_analytics failed for BTCUSDT: Error 23502:
Message: null value in column "optimal_entry_utc" of relation "crossover_analytics" violates not-null constraint
Details: Failing row contains (71, 2025-09-27 03:30:00+00, BTCUSDT, LONG, 109635.98000000, 109542.04000000, null, 0.10, -0.09, 15, 2025-09-27 07:15:00+00, 109559.99000000, -0.07, 2026-05-24 22:17:35.780889+00).
[2026-05-24T22:17:38.024963+00:00] insert_analytics failed for BTCUSDT: Error 23502:
Message: null value in column "optimal_entry_utc" of relation "crossover_analytics" violates not-null constraint
Details: Failing row contains (72, 2025-09-27 07:15:00+00, BTCUSDT, SHORT, 109494.19000000, 109570.36000000, null, 0.39, -0.07, 25, 2025-09-27 13:30:00+00, 109359.26000000, 0.12, 2026-05-24 22:17:35.985177+00).
[2026-05-24T22:17:38.214618+00:00] insert_analytics failed for BTCUSDT: Error 23502:
Message: null value in column "optimal_entry_utc" of relation "crossover_analytics" violates not-null constraint
Details: Failing row contains (73, 2025-09-27 13:30:00+00, BTCUSDT, LONG, 109349.99000000, 109309.19000000, null, 0.01, -0.04, 1, 2025-09-27 13:45:00+00, 109349.99000000, 0.00, 2026-05-24 22:17:36.175353+00).
[2026-05-24T22:17:38.412323+00:00] insert_analytics failed for BTCUSDT: Error 23502:
Message: null value in column "optimal_entry_utc" of relation "crossover_analytics" violates not-null constraint
Details: Failing row contains (74, 2025-09-27 13:45:00+00, BTCUSDT, SHORT, 109306.61000000, 109387.51000000, null, 0.10, -0.07, 9, 2025-09-27 16:00:00+00, 109402.24000000, -0.09, 2026-05-24 22:17:36.365614+00).
[2026-05-24T22:17:38.607297+00:00] insert_analytics failed for BTCUSDT: Error 23502:
Message: null value in column "optimal_entry_utc" of relation "crossover_analytics" violates not-null constraint
Details: Failing row contains (75, 2025-09-27 16:00:00+00, BTCUSDT, LONG, 109346.00000000, 109243.89000000, null, 0.40, -0.09, 38, 2025-09-28 01:30:00+00, 109491.60000000, 0.13, 2026-05-24 22:17:36.570591+00).
[2026-05-24T22:17:38.797675+00:00] insert_analytics failed for BTCUSDT: Error 23502:
Message: null value in column "optimal_entry_utc" of relation "crossover_analytics" violates not-null constraint
Details: Failing row contains (76, 2025-09-28 01:30:00+00, BTCUSDT, SHORT, 109427.36000000, 109539.87000000, null, 0.15, -0.10, 24, 2025-09-28 07:30:00+00, 109458.28000000, -0.03, 2026-05-24 22:17:36.759283+00).
[2026-05-24T22:17:38.979320+00:00] insert_analytics failed for BTCUSDT: Error 23502:
Message: null value in column "optimal_entry_utc" of relation "crossover_analytics" violates not-null constraint
Details: Failing row contains (77, 2025-09-28 07:30:00+00, BTCUSDT, LONG, 109461.61000000, 109443.88000000, null, 0.11, -0.02, 12, 2025-09-28 10:30:00+00, 109441.70000000, -0.02, 2026-05-24 22:17:36.939687+00).
[2026-05-24T22:17:39.163161+00:00] insert_analytics failed for BTCUSDT: Error 23502:
Message: null value in column "optimal_entry_utc" of relation "crossover_analytics" violates not-null constraint
Details: Failing row contains (78, 2025-09-28 10:30:00+00, BTCUSDT, SHORT, 109389.50000000, 109455.66000000, null, 0.18, -0.06, 12, 2025-09-28 13:30:00+00, 109476.81000000, -0.08, 2026-05-24 22:17:37.119595+00).
[2026-05-24T22:17:39.563156+00:00] insert_analytics failed for BTCUSDT: Error 23502:
Message: null value in column "optimal_entry_utc" of relation "crossover_analytics" violates not-null constraint
Details: Failing row contains (79, 2025-09-28 13:30:00+00, BTCUSDT, LONG, 109595.59000000, 109462.57000000, null, 2.51, -0.12, 56, 2025-09-29 03:30:00+00, 111756.70000000, 1.97, 2026-05-24 22:17:37.526713+00).
[2026-05-24T22:17:39.742559+00:00] insert_analytics failed for BTCUSDT: Error 23502:
Message: null value in column "optimal_entry_utc" of relation "crossover_analytics" violates not-null constraint
Details: Failing row contains (80, 2025-09-29 03:30:00+00, BTCUSDT, SHORT, 111704.95000000, 111756.70000000, null, 0.00, -0.05, 1, 2025-09-29 03:45:00+00, 111704.95000000, 0.00, 2026-05-24 22:17:37.708178+00).
[2026-05-24T22:17:39.943531+00:00] insert_analytics failed for BTCUSDT: Error 23502:
Message: null value in column "optimal_entry_utc" of relation "crossover_analytics" violates not-null constraint
Details: Failing row contains (81, 2025-09-29 03:45:00+00, BTCUSDT, LONG, 111857.51000000, 111677.61000000, null, 0.04, -0.16, 5, 2025-09-29 05:00:00+00, 111812.00000000, -0.04, 2026-05-24 22:17:37.89638+00).
[2026-05-24T22:17:40.125984+00:00] insert_analytics failed for BTCUSDT: Error 23502:
Message: null value in column "optimal_entry_utc" of relation "crossover_analytics" violates not-null constraint
Details: Failing row contains (82, 2025-09-29 05:00:00+00, BTCUSDT, SHORT, 111685.81000000, 111850.00000000, null, 0.11, -0.15, 12, 2025-09-29 08:00:00+00, 111865.95000000, -0.16, 2026-05-24 22:17:38.088234+00).
[2026-05-24T22:17:40.322226+00:00] insert_analytics failed for BTCUSDT: Error 23502:
Message: null value in column "optimal_entry_utc" of relation "crossover_analytics" violates not-null constraint
Details: Failing row contains (83, 2025-09-29 08:00:00+00, BTCUSDT, LONG, 111989.41000000, 111865.95000000, null, 2.50, -0.11, 81, 2025-09-30 04:15:00+00, 114310.48000000, 2.07, 2026-05-24 22:17:38.278952+00).
[2026-05-24T22:17:40.515366+00:00] insert_analytics failed for BTCUSDT: Error 23502:
Message: null value in column "optimal_entry_utc" of relation "crossover_analytics" violates not-null constraint
Details: Failing row contains (84, 2025-09-30 04:15:00+00, BTCUSDT, SHORT, 114185.32000000, 114335.15000000, null, 1.34, -0.13, 37, 2025-09-30 13:30:00+00, 113319.99000000, 0.76, 2026-05-24 22:17:38.468352+00).
[2026-05-24T22:17:40.712227+00:00] insert_analytics failed for BTCUSDT: Error 23502:
Message: null value in column "optimal_entry_utc" of relation "crossover_analytics" violates not-null constraint
Details: Failing row contains (85, 2025-09-30 13:30:00+00, BTCUSDT, LONG, 113528.27000000, 113123.76000000, null, 0.13, -0.36, 8, 2025-09-30 15:30:00+00, 113050.33000000, -0.42, 2026-05-24 22:17:38.672019+00).
[2026-05-24T22:17:40.892341+00:00] insert_analytics failed for BTCUSDT: Error 23502:
Message: null value in column "optimal_entry_utc" of relation "crossover_analytics" violates not-null constraint
Details: Failing row contains (86, 2025-09-30 15:30:00+00, BTCUSDT, SHORT, 113060.82000000, 113279.92000000, null, 0.23, -0.19, 9, 2025-09-30 17:45:00+00, 113292.36000000, -0.20, 2026-05-24 22:17:38.85803+00).
[2026-05-24T22:17:41.087734+00:00] insert_analytics failed for BTCUSDT: Error 23502:
Message: null value in column "optimal_entry_utc" of relation "crossover_analytics" violates not-null constraint
Details: Failing row contains (87, 2025-09-30 17:45:00+00, BTCUSDT, LONG, 113246.11000000, 113177.37000000, null, 4.37, -0.06, 98, 2025-10-01 18:15:00+00, 117056.32000000, 3.36, 2026-05-24 22:17:39.038187+00).
[2026-05-24T22:17:41.286376+00:00] insert_analytics failed for BTCUSDT: Error 23502:
Message: null value in column "optimal_entry_utc" of relation "crossover_analytics" violates not-null constraint
Details: Failing row contains (88, 2025-10-01 18:15:00+00, BTCUSDT, SHORT, 117027.10000000, 117056.32000000, null, 0.13, -0.02, 3, 2025-10-01 19:00:00+00, 117234.01000000, -0.18, 2026-05-24 22:17:39.247024+00).
[2026-05-24T22:17:41.488667+00:00] insert_analytics failed for BTCUSDT: Error 23502:
Message: null value in column "optimal_entry_utc" of relation "crossover_analytics" violates not-null constraint
Details: Failing row contains (89, 2025-10-01 19:00:00+00, BTCUSDT, LONG, 117397.76000000, 117163.25000000, null, 1.75, -0.20, 43, 2025-10-02 05:45:00+00, 118473.15000000, 0.92, 2026-05-24 22:17:39.448937+00).
[2026-05-24T22:17:41.675401+00:00] insert_analytics failed for BTCUSDT: Error 23502:
Message: null value in column "optimal_entry_utc" of relation "crossover_analytics" violates not-null constraint
Details: Failing row contains (90, 2025-10-02 05:45:00+00, BTCUSDT, SHORT, 118377.34000000, 118481.43000000, null, 0.08, -0.09, 12, 2025-10-02 08:45:00+00, 118627.86000000, -0.21, 2026-05-24 22:17:39.629579+00).
[2026-05-24T22:17:41.872322+00:00] insert_analytics failed for BTCUSDT: Error 23502:
Message: null value in column "optimal_entry_utc" of relation "crossover_analytics" violates not-null constraint
Details: Failing row contains (91, 2025-10-02 08:45:00+00, BTCUSDT, LONG, 118668.89000000, 118516.39000000, null, 1.98, -0.13, 56, 2025-10-02 22:45:00+00, 120172.51000000, 1.27, 2026-05-24 22:17:39.827896+00).
[2026-05-24T22:17:42.081932+00:00] insert_analytics failed for BTCUSDT: Error 23502:
Message: null value in column "optimal_entry_utc" of relation "crossover_analytics" violates not-null constraint
Details: Failing row contains (92, 2025-10-02 22:45:00+00, BTCUSDT, SHORT, 120257.49000000, 120257.50000000, null, 0.15, 0.00, 1, 2025-10-02 23:00:00+00, 120257.49000000, 0.00, 2026-05-24 22:17:40.039507+00).
[2026-05-24T22:17:42.267655+00:00] insert_analytics failed for BTCUSDT: Error 23502:
Message: null value in column "optimal_entry_utc" of relation "crossover_analytics" violates not-null constraint
Details: Failing row contains (93, 2025-10-02 23:00:00+00, BTCUSDT, LONG, 120489.42000000, 120251.81000000, null, 0.16, -0.20, 5, 2025-10-03 00:15:00+00, 120156.53000000, -0.28, 2026-05-24 22:17:40.227273+00).
[2026-05-24T22:17:42.468678+00:00] insert_analytics failed for BTCUSDT: Error 23502:
Message: null value in column "optimal_entry_utc" of relation "crossover_analytics" violates not-null constraint
Details: Failing row contains (94, 2025-10-03 00:15:00+00, BTCUSDT, SHORT, 120279.46000000, 120297.91000000, null, 0.38, -0.02, 15, 2025-10-03 04:00:00+00, 120225.89000000, 0.04, 2026-05-24 22:17:40.425767+00).
[2026-05-24T22:17:42.724215+00:00] insert_analytics failed for BTCUSDT: Error 23502:
Message: null value in column "optimal_entry_utc" of relation "crossover_analytics" violates not-null constraint
Details: Failing row contains (95, 2025-10-03 04:00:00+00, BTCUSDT, LONG, 120259.99000000, 120182.95000000, null, 0.05, -0.06, 2, 2025-10-03 04:30:00+00, 120200.00000000, -0.05, 2026-05-24 22:17:40.606295+00).
[2026-05-24T22:17:42.926093+00:00] insert_analytics failed for BTCUSDT: Error 23502:
Message: null value in column "optimal_entry_utc" of relation "crossover_analytics" violates not-null constraint
Details: Failing row contains (96, 2025-10-03 04:30:00+00, BTCUSDT, SHORT, 120027.23000000, 120200.01000000, null, 0.65, -0.14, 19, 2025-10-03 09:15:00+00, 120069.43000000, -0.04, 2026-05-24 22:17:40.877539+00).
[2026-05-24T22:17:43.163257+00:00] insert_analytics failed for BTCUSDT: Error 23502:
Message: null value in column "optimal_entry_utc" of relation "crossover_analytics" violates not-null constraint
Details: Failing row contains (97, 2025-10-03 09:15:00+00, BTCUSDT, LONG, 120291.26000000, 119881.24000000, null, 3.00, -0.34, 57, 2025-10-03 23:30:00+00, 122277.05000000, 1.65, 2026-05-24 22:17:41.067608+00).
[2026-05-24T22:17:43.350794+00:00] insert_analytics failed for BTCUSDT: Error 23502:
Message: null value in column "optimal_entry_utc" of relation "crossover_analytics" violates not-null constraint
Details: Failing row contains (98, 2025-10-03 23:30:00+00, BTCUSDT, SHORT, 122300.98000000, 122332.68000000, null, 0.50, -0.03, 18, 2025-10-04 04:00:00+00, 122243.99000000, 0.05, 2026-05-24 22:17:41.308752+00).
[2026-05-24T22:17:43.540361+00:00] insert_analytics failed for BTCUSDT: Error 23502:
Message: null value in column "optimal_entry_utc" of relation "crossover_analytics" violates not-null constraint
Details: Failing row contains (99, 2025-10-04 04:00:00+00, BTCUSDT, LONG, 122281.78000000, 122219.30000000, null, 0.42, -0.05, 19, 2025-10-04 08:45:00+00, 122234.49000000, -0.04, 2026-05-24 22:17:41.498755+00).
[2026-05-24T22:17:43.757583+00:00] insert_analytics failed for BTCUSDT: Error 23502:
Message: null value in column "optimal_entry_utc" of relation "crossover_analytics" violates not-null constraint
Details: Failing row contains (100, 2025-10-04 08:45:00+00, BTCUSDT, SHORT, 122267.57000000, 122457.17000000, null, 0.26, -0.16, 19, 2025-10-04 13:30:00+00, 122314.51000000, -0.04, 2026-05-24 22:17:41.716237+00).
[2026-05-24T22:17:43.938481+00:00] insert_analytics failed for BTCUSDT: Error 23502:
Message: null value in column "optimal_entry_utc" of relation "crossover_analytics" violates not-null constraint
Details: Failing row contains (101, 2025-10-04 13:30:00+00, BTCUSDT, LONG, 122405.19000000, 122292.43000000, null, 0.04, -0.09, 5, 2025-10-04 14:45:00+00, 122245.17000000, -0.13, 2026-05-24 22:17:41.897224+00).
[2026-05-24T22:17:44.139033+00:00] insert_analytics failed for BTCUSDT: Error 23502:
Message: null value in column "optimal_entry_utc" of relation "crossover_analytics" violates not-null constraint
Details: Failing row contains (102, 2025-10-04 14:45:00+00, BTCUSDT, SHORT, 122000.01000000, 122245.17000000, null, 0.40, -0.20, 21, 2025-10-04 20:00:00+00, 121959.25000000, 0.03, 2026-05-24 22:17:42.089527+00).
[2026-05-24T22:17:44.385325+00:00] insert_analytics failed for BTCUSDT: Error 23502:
Message: null value in column "optimal_entry_utc" of relation "crossover_analytics" violates not-null constraint
Details: Failing row contains (103, 2025-10-04 20:00:00+00, BTCUSDT, LONG, 121939.96000000, 121871.01000000, null, 3.09, -0.06, 53, 2025-10-05 09:15:00+00, 124395.43000000, 2.01, 2026-05-24 22:17:42.287249+00).
[2026-05-24T22:17:44.591158+00:00] insert_analytics failed for BTCUSDT: Error 23502:
Message: null value in column "optimal_entry_utc" of relation "crossover_analytics" violates not-null constraint
Details: Failing row contains (104, 2025-10-05 09:15:00+00, BTCUSDT, SHORT, 124013.40000000, 124457.08000000, null, 1.38, -0.36, 53, 2025-10-05 22:30:00+00, 123130.59000000, 0.71, 2026-05-24 22:17:42.551694+00).
[2026-05-24T22:17:44.778014+00:00] insert_analytics failed for BTCUSDT: Error 23502:
Message: null value in column "optimal_entry_utc" of relation "crossover_analytics" violates not-null constraint
Details: Failing row contains (105, 2025-10-05 22:30:00+00, BTCUSDT, LONG, 123137.20000000, 123040.00000000, null, 0.99, -0.08, 26, 2025-10-06 05:00:00+00, 123580.26000000, 0.36, 2026-05-24 22:17:42.737005+00).
[2026-05-24T22:17:44.968055+00:00] insert_analytics failed for BTCUSDT: Error 23502:
Message: null value in column "optimal_entry_utc" of relation "crossover_analytics" violates not-null constraint
Details: Failing row contains (106, 2025-10-06 05:00:00+00, BTCUSDT, SHORT, 123339.19000000, 123580.27000000, null, 0.04, -0.20, 5, 2025-10-06 06:15:00+00, 123827.44000000, -0.40, 2026-05-24 22:17:42.922438+00).
[2026-05-24T22:17:45.153275+00:00] insert_analytics failed for BTCUSDT: Error 23502:
Message: null value in column "optimal_entry_utc" of relation "crossover_analytics" violates not-null constraint
Details: Failing row contains (107, 2025-10-06 06:15:00+00, BTCUSDT, LONG, 123861.88000000, 123672.14000000, null, 0.25, -0.15, 6, 2025-10-06 07:45:00+00, 123440.00000000, -0.34, 2026-05-24 22:17:43.111038+00).
[2026-05-24T22:17:45.353419+00:00] insert_analytics failed for BTCUSDT: Error 23502:
Message: null value in column "optimal_entry_utc" of relation "crossover_analytics" violates not-null constraint
Details: Failing row contains (108, 2025-10-06 07:45:00+00, BTCUSDT, SHORT, 123390.47000000, 123465.45000000, null, 0.09, -0.06, 5, 2025-10-06 09:00:00+00, 123846.55000000, -0.37, 2026-05-24 22:17:43.303035+00).
[2026-05-24T22:17:45.537767+00:00] insert_analytics failed for BTCUSDT: Error 23502:
Message: null value in column "optimal_entry_utc" of relation "crossover_analytics" violates not-null constraint
Details: Failing row contains (109, 2025-10-06 09:00:00+00, BTCUSDT, LONG, 123941.86000000, 123735.73000000, null, 1.82, -0.17, 48, 2025-10-06 21:00:00+00, 125211.02000000, 1.02, 2026-05-24 22:17:43.498241+00).
[2026-05-24T22:17:45.742434+00:00] insert_analytics failed for BTCUSDT: Error 23502:
Message: null value in column "optimal_entry_utc" of relation "crossover_analytics" violates not-null constraint
Details: Failing row contains (110, 2025-10-06 21:00:00+00, BTCUSDT, SHORT, 125057.20000000, 125298.43000000, null, 1.39, -0.19, 52, 2025-10-07 10:00:00+00, 124117.48000000, 0.75, 2026-05-24 22:17:43.698351+00).
[2026-05-24T22:17:45.936680+00:00] insert_analytics failed for BTCUSDT: Error 23502:
Message: null value in column "optimal_entry_utc" of relation "crossover_analytics" violates not-null constraint
Details: Failing row contains (111, 2025-10-07 10:00:00+00, BTCUSDT, LONG, 124333.70000000, 124020.00000000, null, 0.64, -0.25, 15, 2025-10-07 13:45:00+00, 123792.20000000, -0.44, 2026-05-24 22:17:43.889277+00).
[2026-05-24T22:17:46.124977+00:00] insert_analytics failed for BTCUSDT: Error 23502:
Message: null value in column "optimal_entry_utc" of relation "crossover_analytics" violates not-null constraint
Details: Failing row contains (112, 2025-10-07 13:45:00+00, BTCUSDT, SHORT, 123891.68000000, 124000.00000000, null, 2.68, -0.09, 27, 2025-10-07 20:30:00+00, 122196.47000000, 1.37, 2026-05-24 22:17:44.083506+00).
[2026-05-24T22:17:46.328498+00:00] insert_analytics failed for BTCUSDT: Error 23502:
Message: null value in column "optimal_entry_utc" of relation "crossover_analytics" violates not-null constraint
Details: Failing row contains (113, 2025-10-07 20:30:00+00, BTCUSDT, LONG, 122072.07000000, 121765.90000000, null, 0.18, -0.25, 12, 2025-10-07 23:30:00+00, 121662.19000000, -0.34, 2026-05-24 22:17:44.285307+00).
[2026-05-24T22:17:46.518534+00:00] insert_analytics failed for BTCUSDT: Error 23502:
Message: null value in column "optimal_entry_utc" of relation "crossover_analytics" violates not-null constraint
Details: Failing row contains (114, 2025-10-07 23:30:00+00, BTCUSDT, SHORT, 121465.81000000, 121662.20000000, null, 0.17, -0.16, 9, 2025-10-08 01:45:00+00, 121793.64000000, -0.27, 2026-05-24 22:17:44.474808+00).
[2026-05-24T22:17:46.705694+00:00] insert_analytics failed for BTCUSDT: Error 23502:
Message: null value in column "optimal_entry_utc" of relation "crossover_analytics" violates not-null constraint
Details: Failing row contains (115, 2025-10-08 01:45:00+00, BTCUSDT, LONG, 121950.01000000, 121775.28000000, null, 0.23, -0.14, 6, 2025-10-08 03:15:00+00, 121723.53000000, -0.19, 2026-05-24 22:17:44.660285+00).
[2026-05-24T22:17:46.898984+00:00] insert_analytics failed for BTCUSDT: Error 23502:
Message: null value in column "optimal_entry_utc" of relation "crossover_analytics" violates not-null constraint
Details: Failing row contains (116, 2025-10-08 03:15:00+00, BTCUSDT, SHORT, 121453.24000000, 121821.07000000, null, 0.32, -0.30, 20, 2025-10-08 08:15:00+00, 121563.03000000, -0.09, 2026-05-24 22:17:44.856272+00).
[2026-05-24T22:17:47.086126+00:00] insert_analytics failed for BTCUSDT: Error 23502:
Message: null value in column "optimal_entry_utc" of relation "crossover_analytics" violates not-null constraint
Details: Failing row contains (117, 2025-10-08 08:15:00+00, BTCUSDT, LONG, 121916.41000000, 121524.01000000, null, 1.05, -0.32, 21, 2025-10-08 13:30:00+00, 122497.16000000, 0.48, 2026-05-24 22:17:45.048315+00).
[2026-05-24T22:17:47.280256+00:00] insert_analytics failed for BTCUSDT: Error 23502:
Message: null value in column "optimal_entry_utc" of relation "crossover_analytics" violates not-null constraint
Details: Failing row contains (118, 2025-10-08 13:30:00+00, BTCUSDT, SHORT, 121898.24000000, 122694.80000000, null, 0.20, -0.65, 2, 2025-10-08 14:00:00+00, 122599.04000000, -0.57, 2026-05-24 22:17:45.228898+00).
[2026-05-24T22:17:47.462203+00:00] insert_analytics failed for BTCUSDT: Error 23502:
Message: null value in column "optimal_entry_utc" of relation "crossover_analytics" violates not-null constraint
Details: Failing row contains (119, 2025-10-08 14:00:00+00, BTCUSDT, LONG, 122825.01000000, 122599.04000000, null, 0.43, -0.18, 2, 2025-10-08 14:30:00+00, 122590.73000000, -0.19, 2026-05-24 22:17:45.42215+00).
[2026-05-24T22:17:47.649367+00:00] insert_analytics failed for BTCUSDT: Error 23502:
Message: null value in column "optimal_entry_utc" of relation "crossover_analytics" violates not-null constraint
Details: Failing row contains (120, 2025-10-08 14:30:00+00, BTCUSDT, SHORT, 122484.63000000, 122856.03000000, null, 0.43, -0.30, 8, 2025-10-08 16:30:00+00, 122672.51000000, -0.15, 2026-05-24 22:17:45.608516+00).
